---
source: components/jetstream_distributed/src/coordinate.rs
expression: node_map
---
[
  [
    "node_0",
    {
      "vec": [
        0.0,
        0.0,
        0.0,
        0.0,
        0.0,
        0.0,
        0.0,
        0.0
      ],
      "error": 1.5,
      "adjustment": 0.0,
      "height": 0.00001
    }
  ],
  [
    "node_1",
    {
      "vec": [
        0.0,
        0.0,
        0.0,
        0.0,
        0.0,
        0.0,
        0.0,
        0.0
      ],
      "error": 1.5,
      "adjustment": 0.0,
      "height": 0.00001
    }
  ],
  [
    "node_10",
    {
      "vec": [
        0.0,
        0.0,
        0.0,
        0.0,
        0.0,
        0.0,
        0.0,
        0.0
      ],
      "error": 1.5,
      "adjustment": 0.0,
      "height": 0.00001
    }
  ],
  [
    "node_11",
    {
      "vec": [
        0.0,
        0.0,
        0.0,
        0.0,
        0.0,
        0.0,
        0.0,
        0.0
      ],
      "error": 1.5,
      "adjustment": 0.0,
      "height": 0.00001
    }
  ],
  [
    "node_12",
    {
      "vec": [
        0.0,
        0.0,
        0.0,
        0.0,
        0.0,
        0.0,
        0.0,
        0.0
      ],
      "error": 1.5,
      "adjustment": 0.0,
      "height": 0.00001
    }
  ],
  [
    "node_13",
    {
      "vec": [
        0.0,
        0.0,
        0.0,
        0.0,
        0.0,
        0.0,
        0.0,
        0.0
      ],
      "error": 1.5,
      "adjustment": 0.0,
      "height": 0.00001
    }
  ],
  [
    "node_14",
    {
      "vec": [
        0.0,
        0.0,
        0.0,
        0.0,
        0.0,
        0.0,
        0.0,
        0.0
      ],
      "error": 1.5,
      "adjustment": 0.0,
      "height": 0.00001
    }
  ],
  [
    "node_15",
    {
      "vec": [
        0.0,
        0.0,
        0.0,
        0.0,
        0.0,
        0.0,
        0.0,
        0.0
      ],
      "error": 1.5,
      "adjustment": 0.0,
      "height": 0.00001
    }
  ],
  [
    "node_16",
    {
      "vec": [
        0.0,
        0.0,
        0.0,
        0.0,
        0.0,
        0.0,
        0.0,
        0.0
      ],
      "error": 1.5,
      "adjustment": 0.0,
      "height": 0.00001
    }
  ],
  [
    "node_17",
    {
      "vec": [
        0.0,
        0.0,
        0.0,
        0.0,
        0.0,
        0.0,
        0.0,
        0.0
      ],
      "error": 1.5,
      "adjustment": 0.0,
      "height": 0.00001
    }
  ],
  [
    "node_18",
    {
      "vec": [
        0.0,
        0.0,
        0.0,
        0.0,
        0.0,
        0.0,
        0.0,
        0.0
      ],
      "error": 1.5,
      "adjustment": 0.0,
      "height": 0.00001
    }
  ],
  [
    "node_19",
    {
      "vec": [
        0.0,
        0.0,
        0.0,
        0.0,
        0.0,
        0.0,
        0.0,
        0.0
      ],
      "error": 1.5,
      "adjustment": 0.0,
      "height": 0.00001
    }
  ],
  [
    "node_2",
    {
      "vec": [
        0.0,
        0.0,
        0.0,
        0.0,
        0.0,
        0.0,
        0.0,
        0.0
      ],
      "error": 1.5,
      "adjustment": 0.0,
      "height": 0.00001
    }
  ],
  [
    "node_3",
    {
      "vec": [
        0.0,
        0.0,
        0.0,
        0.0,
        0.0,
        0.0,
        0.0,
        0.0
      ],
      "error": 1.5,
      "adjustment": 0.0,
      "height": 0.00001
    }
  ],
  [
    "node_4",
    {
      "vec": [
        0.0,
        0.0,
        0.0,
        0.0,
        0.0,
        0.0,
        0.0,
        0.0
      ],
      "error": 1.5,
      "adjustment": 0.0,
      "height": 0.00001
    }
  ],
  [
    "node_5",
    {
      "vec": [
        0.0,
        0.0,
        0.0,
        0.0,
        0.0,
        0.0,
        0.0,
        0.0
      ],
      "error": 1.5,
      "adjustment": 0.0,
      "height": 0.00001
    }
  ],
  [
    "node_6",
    {
      "vec": [
        0.0,
        0.0,
        0.0,
        0.0,
        0.0,
        0.0,
        0.0,
        0.0
      ],
      "error": 1.5,
      "adjustment": 0.0,
      "height": 0.00001
    }
  ],
  [
    "node_7",
    {
      "vec": [
        0.0,
        0.0,
        0.0,
        0.0,
        0.0,
        0.0,
        0.0,
        0.0
      ],
      "error": 1.5,
      "adjustment": 0.0,
      "height": 0.00001
    }
  ],
  [
    "node_8",
    {
      "vec": [
        0.0,
        0.0,
        0.0,
        0.0,
        0.0,
        0.0,
        0.0,
        0.0
      ],
      "error": 1.5,
      "adjustment": 0.0,
      "height": 0.00001
    }
  ],
  [
    "node_9",
    {
      "vec": [
        0.0,
        0.0,
        0.0,
        0.0,
        0.0,
        0.0,
        0.0,
        0.0
      ],
      "error": 1.5,
      "adjustment": 0.0,
      "height": 0.00001
    }
  ]
]
